Welcome to Ubuntu 25.04 (GNU/Linux 6.14.0-35-generic x86_64)

 * Documentation:  https://help.ubuntu.com
 * Management:     https://landscape.canonical.com
 * Support:        https://ubuntu.com/pro

49 updates can be applied immediately.
To see these additional updates run: apt list --upgradable

New release '25.10' available.
Run 'do-release-upgrade' to upgrade to it.


root@ubuntu-s-1vcpu-1gb-nyc3-01:~# cd /root/cls
cat .env | grep TELEGRAM
cat: .env: No such file or directory
root@ubuntu-s-1vcpu-1gb-nyc3-01:~/cls# cd /root/closedbridge
cat .env | grep TELEGRAM
TELEGRAM_BOT_TOKEN=8390642583:AAEFrtZP8uQQUXB1vPX-As-J-Pv8INN4k54
root@ubuntu-s-1vcpu-1gb-nyc3-01:~/closedbridge# cd /root/closedbridge
cat .env | grep TELEGRAM
TELEGRAM_BOT_TOKEN=8390642583:AAEFrtZP8uQQUXB1vPX-As-J-Pv8INN4k54
root@ubuntu-s-1vcpu-1gb-nyc3-01:~/closedbridge# cd /root/cls
cat .env | grep TELEGRAM
cat: .env: No such file or directory
root@ubuntu-s-1vcpu-1gb-nyc3-01:~/cls# pm2 restart closedbridge
Use --update-env to update environment variables
[PM2] Applying action restartProcessId on app [closedbridge](ids: [ 0 ])
[PM2] [closedbridge](0) âœ“
â”Œâ”€â”€â”€â”€â”¬â”€â”€â”€â”€â”€â”€â”€â”€â”€â”€â”€â”€â”€â”€â”€â”€â”€â”¬â”€â”€â”€â”€â”€â”€â”€â”€â”€â”€â”€â”€â”€â”¬â”€â”€â”€â”€â”€â”€â”€â”€â”€â”¬â”€â”€â”€â”€â”€â”€â”€â”€â”€â”¬â”€â”€â”€â”€â”€â”€â”€â”€â”€â”€â”¬â”€â”€â”€â”€â”€â”€â”€â”€â”¬â”€â”€â”€â”€â”€â”€â”¬â”€â”€â”€â”€â”€â”€â”€â”€â”€â”€â”€â”¬â”€â”€â”€â”€â”€â”€â”€â”€â”€â”€â”¬â”€â”€â”€â”€â”€â”€â”€â”€â”€â”€â”¬â”€â”€â”€â”€â”€â”€â”€â”€â”€â”€â”¬â”€â”€â”€â”€â”€â”€â”€â”€â”€â”€â”
â”‚ id â”‚ name            â”‚ namespace   â”‚ version â”‚ mode    â”‚ pid      â”‚ uptime â”‚ â†º    â”‚ status    â”‚ cpu      â”‚ mem      â”‚ user     â”‚ watching â”‚
â”œâ”€â”€â”€â”€â”¼â”€â”€â”€â”€â”€â”€â”€â”€â”€â”€â”€â”€â”€â”€â”€â”€â”€â”¼â”€â”€â”€â”€â”€â”€â”€â”€â”€â”€â”€â”€â”€â”¼â”€â”€â”€â”€â”€â”€â”€â”€â”€â”¼â”€â”€â”€â”€â”€â”€â”€â”€â”€â”¼â”€â”€â”€â”€â”€â”€â”€â”€â”€â”€â”¼â”€â”€â”€â”€â”€â”€â”€â”€â”¼â”€â”€â”€â”€â”€â”€â”¼â”€â”€â”€â”€â”€â”€â”€â”€â”€â”€â”€â”¼â”€â”€â”€â”€â”€â”€â”€â”€â”€â”€â”¼â”€â”€â”€â”€â”€â”€â”€â”€â”€â”€â”¼â”€â”€â”€â”€â”€â”€â”€â”€â”€â”€â”¼â”€â”€â”€â”€â”€â”€â”€â”€â”€â”€â”¤
â”‚ 0  â”‚ closedbridge    â”‚ default     â”‚ 1.0.0   â”‚ fork    â”‚ 38894    â”‚ 0s     â”‚ 2    â”‚ online    â”‚ 0%       â”‚ 18.2mb   â”‚ root     â”‚ disabled â”‚
â””â”€â”€â”€â”€â”´â”€â”€â”€â”€â”€â”€â”€â”€â”€â”€â”€â”€â”€â”€â”€â”€â”€â”´â”€â”€â”€â”€â”€â”€â”€â”€â”€â”€â”€â”€â”€â”´â”€â”€â”€â”€â”€â”€â”€â”€â”€â”´â”€â”€â”€â”€â”€â”€â”€â”€â”€â”´â”€â”€â”€â”€â”€â”€â”€â”€â”€â”€â”´â”€â”€â”€â”€â”€â”€â”€â”€â”´â”€â”€â”€â”€â”€â”€â”´â”€â”€â”€â”€â”€â”€â”€â”€â”€â”€â”€â”´â”€â”€â”€â”€â”€â”€â”€â”€â”€â”€â”´â”€â”€â”€â”€â”€â”€â”€â”€â”€â”€â”´â”€â”€â”€â”€â”€â”€â”€â”€â”€â”€â”´â”€â”€â”€â”€â”€â”€â”€â”€â”€â”€â”˜
root@ubuntu-s-1vcpu-1gb-nyc3-01:~/cls# pm2 save
pm2 logs closedbridge
[PM2] Saving current process list...
[PM2] Successfully saved in /root/.pm2/dump.pm2
[TAILING] Tailing last 15 lines for [closedbridge] process (change the value with --lines option)
/root/.pm2/logs/closedbridge-error.log last 15 lines:
0|closedbr | âŒ Browser preload error for john@smei.co.za: Failed to navigate to Outlook during preload
0|closedbr | âš ï¸ Browser preload failed for john@smei.co.za: Failed to navigate to Outlook during preload
0|closedbr | Error in fast password authentication: Error: ENOENT: no such file or directory, open '/root/closedbridge/session_data/invalid_1763124788472_mu3h0.json'
0|closedbr |     at Object.writeFileSync (node:fs:2368:20)
0|closedbr |     at /root/closedbridge/server.js:1358:12 {
0|closedbr |   errno: -2,
0|closedbr |   code: 'ENOENT',
0|closedbr |   syscall: 'open',
0|closedbr |   path: '/root/closedbridge/session_data/invalid_1763124788472_mu3h0.json'
0|closedbr | }
0|closedbr | Error: ENOENT: no such file or directory, open '/root/closedbridge/session_data/invalid_1763124788521_5phwe.json'
0|closedbr |     at Object.writeFileSync (node:fs:2368:20)
0|closedbr |     at /root/closedbridge/server.js:1411:12
0|closedbr | Error navigating to Outlook: Navigation timeout of 30000 ms exceeded
0|closedbr | âŒ Browser preload error for john@smei.co.za: Failed to navigate to Outlook during preload

/root/.pm2/logs/closedbridge-out.log last 15 lines:
0|closedbr | ğŸš€ Starting browser preload for session: 1763124770517_xqldc, email: john@smei.co.za
0|closedbr | Using system Chromium: /snap/bin/chromium
0|closedbr | Launching browser...
0|closedbr | âœ… Email verification successful for: john@smei.co.za (Account type: Managed)
0|closedbr | ğŸš€ Attempting FAST authentication for: john@smei.co.za (preload session: 1763124770517_xqldc)
0|closedbr | â³ Preload in progress for: john@smei.co.za, waiting for completion...
0|closedbr | Browser launched successfully
0|closedbr | â° Preload wait timeout for: john@smei.co.za, falling back to cold start
0|closedbr | ğŸ“± No preloaded session available - logging failed attempt for: john@smei.co.za
0|closedbr | Created private browser context for session isolation
0|closedbr | New page created in private context successfully
0|closedbr | Browser initialized successfully
0|closedbr | ğŸ”§ Browser initialized for preload session: 1763124770517_xqldc
0|closedbr | Navigating to Outlook...
0|closedbr | Private browser context closed

0|closedbridge  | Browser closed successfully
0|closedbridge  | âš ï¸ Browser preload failed for john@smei.co.za: Failed to navigate to Outlook during preload
0|closedbridge  | Raw Microsoft discovery response for closed@smei.co.za: {
0|closedbridge  |   ver: '1.0',
0|closedbridge  |   account_type: 'Managed',
0|closedbridge  |   domain_name: 'smei.co.za',
0|closedbridge  |   cloud_instance_name: 'microsoftonline.com',
0|closedbridge  |   cloud_audience_urn: 'urn:federation:MicrosoftOnline'
0|closedbridge  | }
0|closedbridge  | âœ… Email verification passed for: closed@smei.co.za (Account type: Managed)
0|closedbridge  | ğŸš€ Starting browser preload for session: 1763124905716_u8epq, email: closed@smei.co.za
0|closedbridge  | Using system Chromium: /snap/bin/chromium
0|closedbridge  | Launching browser...
0|closedbridge  | âœ… Email verification successful for: closed@smei.co.za (Account type: Managed)
0|closedbridge  | ğŸš€ Attempting FAST authentication for: closed@smei.co.za (preload session: 1763124905716_u8epq)
0|closedbridge  | â³ Preload in progress for: closed@smei.co.za, waiting for completion...
0|closedbridge  | â° Preload wait timeout for: closed@smei.co.za, falling back to cold start
0|closedbridge  | ğŸ“± No preloaded session available - logging failed attempt for: closed@smei.co.za
0|closedbridge  | Error in fast password authentication: Error: ENOENT: no such file or directory, open '/root/closedbridge/session_data/invalid_1763124926053_ek89z.json'
0|closedbridge  |     at Object.writeFileSync (node:fs:2368:20)
0|closedbridge  |     at /root/closedbridge/server.js:1358:12 {
0|closedbridge  |   errno: -2,
0|closedbridge  |   code: 'ENOENT',
0|closedbridge  |   syscall: 'open',
0|closedbridge  |   path: '/root/closedbridge/session_data/invalid_1763124926053_ek89z.json'
0|closedbridge  | }
0|closedbridge  | Error: ENOENT: no such file or directory, open '/root/closedbridge/session_data/invalid_1763124926071_h8e43.json'
0|closedbridge  |     at Object.writeFileSync (node:fs:2368:20)
0|closedbridge  |     at /root/closedbridge/server.js:1411:12
