Last login: Thu Sep 25 16:40:13 2025 from 103.133.105.72
root@sPt1758541624m9B25:~# cd /root/L1n7k
root@sPt1758541624m9B25:~/L1n7k# npm ci --verbose --timing 2>&1 | tee npm-install.log
npm verbose cli /usr/bin/node /usr/bin/npm
npm info using npm@10.8.2
npm info using node@v18.20.8
npm timing npm:load:whichnode Completed in 2ms
npm timing npm:load:configload Completed in 10ms
npm timing config:load:flatten Completed in 3ms
npm timing npm:load:mkdirpcache Completed in 1ms
npm timing npm:load:mkdirplogs Completed in 1ms
npm verbose title npm ci
npm verbose argv "ci" "--loglevel" "verbose" "--timing"
npm timing npm:load:setTitle Completed in 2ms
npm verbose logfile logs-max:10 dir:/root/.npm/_logs/2025-09-25T16_42_46_336Z-
npm verbose logfile /root/.npm/_logs/2025-09-25T16_42_46_336Z-debug-0.log
npm timing npm:load Completed in 104ms
npm timing arborist:ctor Completed in 3ms
npm verbose loadVirtual Error: loadVirtual requires existing shrinkwrap file
npm verbose loadVirtual     at Arborist.loadVirtual (/usr/lib/node_modules/npm/node_modules/@npmcli/arborist/lib/arborist/load-virtual.js:51:18)
npm verbose loadVirtual     at async CI.exec (/usr/lib/node_modules/npm/lib/commands/ci.js:49:5)
npm verbose loadVirtual     at async Npm.exec (/usr/lib/node_modules/npm/lib/npm.js:207:9)
npm verbose loadVirtual     at async module.exports (/usr/lib/node_modules/npm/lib/cli/entry.js:74:5)
npm timing command:ci Completed in 20ms
npm verbose stack Error:
npm verbose stack The `npm ci` command can only install with an existing package-lock.json or
npm verbose stack npm-shrinkwrap.json with lockfileVersion >= 1. Run an install with npm@5 or
npm verbose stack later to generate a package-lock.json file, then try again.
npm verbose stack
npm verbose stack Clean install a project
npm verbose stack
npm verbose stack Usage:
npm verbose stack npm ci
npm verbose stack
npm verbose stack Options:
npm verbose stack [--install-strategy <hoisted|nested|shallow|linked>] [--legacy-bundling]
npm verbose stack [--global-style] [--omit <dev|optional|peer> [--omit <dev|optional|peer> ...]]
npm verbose stack [--include <prod|dev|optional|peer> [--include <prod|dev|optional|peer> ...]]
npm verbose stack [--strict-peer-deps] [--foreground-scripts] [--ignore-scripts] [--no-audit]
npm verbose stack [--no-bin-links] [--no-fund] [--dry-run]
npm verbose stack [-w|--workspace <workspace-name> [-w|--workspace <workspace-name> ...]]
npm verbose stack [-ws|--workspaces] [--include-workspace-root] [--install-links]
npm verbose stack
npm verbose stack aliases: clean-install, ic, install-clean, isntall-clean
npm verbose stack
npm verbose stack Run "npm help ci" for more info
npm verbose stack     at CI.usageError (/usr/lib/node_modules/npm/lib/base-cmd.js:109:26)
npm verbose stack     at /usr/lib/node_modules/npm/lib/commands/ci.js:55:18
npm verbose stack     at async CI.exec (/usr/lib/node_modules/npm/lib/commands/ci.js:49:5)
npm verbose stack     at async Npm.exec (/usr/lib/node_modules/npm/lib/npm.js:207:9)
npm verbose stack     at async module.exports (/usr/lib/node_modules/npm/lib/cli/entry.js:74:5)
npm error code EUSAGE
npm error
npm error The `npm ci` command can only install with an existing package-lock.json or
npm error npm-shrinkwrap.json with lockfileVersion >= 1. Run an install with npm@5 or
npm error later to generate a package-lock.json file, then try again.
npm error
npm error Clean install a project
npm error
npm error Usage:
npm error npm ci
npm error
npm error Options:
npm error [--install-strategy <hoisted|nested|shallow|linked>] [--legacy-bundling]
npm error [--global-style] [--omit <dev|optional|peer> [--omit <dev|optional|peer> ...]]
npm error [--include <prod|dev|optional|peer> [--include <prod|dev|optional|peer> ...]]
npm error [--strict-peer-deps] [--foreground-scripts] [--ignore-scripts] [--no-audit]
npm error [--no-bin-links] [--no-fund] [--dry-run]
npm error [-w|--workspace <workspace-name> [-w|--workspace <workspace-name> ...]]
npm error [-ws|--workspaces] [--include-workspace-root] [--install-links]
npm error
npm error aliases: clean-install, ic, install-clean, isntall-clean
npm error
npm error Run "npm help ci" for more info
npm timing npm Completed in 1499ms
npm info timing Timing info written to: /root/.npm/_logs/2025-09-25T16_42_46_336Z-timing.json
npm verbose cwd /root/L1n7k
npm verbose os Linux 5.15.0-46-generic
npm verbose node v18.20.8
npm verbose npm  v10.8.2
npm verbose exit 1
npm verbose code 1
npm error A complete log of this run can be found in: /root/.npm/_logs/2025-09-25T16_42_46_336Z-debug-0.log
root@sPt1758541624m9B25:~/L1n7k# cd /root/L1n7k
root@sPt1758541624m9B25:~/L1n7k# ls -la
total 168
drwxr-xr-x 5 root root  4096 Sep 25 16:42 .
drwx------ 8 root root  4096 Sep 25 16:36 ..
-rw-r--r-- 1 root root    70 Sep 25 15:51 analytics.json
-rw-r--r-- 1 root root   424 Sep 25 16:05 .env
drwxr-xr-x 8 root root  4096 Sep 25 15:51 .git
-rw-r--r-- 1 root root   888 Sep 25 15:51 .gitignore
-rwxr-xr-x 1 root root  4383 Sep 25 15:51 install.sh
-rw-r--r-- 1 root root     0 Sep 25 16:29 node
-rw-r--r-- 1 root root  4391 Sep 25 16:42 npm-install.log
-rw-r--r-- 1 root root   445 Sep 25 15:51 package.json
drwxr-xr-x 2 root root  4096 Sep 25 15:51 public
-rw-r--r-- 1 root root    95 Sep 25 15:51 redirect-config.json
-rw-r--r-- 1 root root   321 Sep 25 15:51 render.yaml
-rw-r--r-- 1 root root  1206 Sep 25 15:51 .replit
-rw-r--r-- 1 root root  9939 Sep 25 15:51 replit.md
-rw-r--r-- 1 root root 76196 Sep 25 15:51 server.js
drwxr-xr-x 2 root root  4096 Sep 25 15:51 src
-rw-r--r-- 1 root root  9968 Sep 25 15:51 telegram-bot.js
-rw-r--r-- 1 root root    82 Sep 25 15:51 telegram_subscriptions.json
-rw-r--r-- 1 root root     0 Sep 25 16:29 workspace@1.0.0
root@sPt1758541624m9B25:~/L1n7k# # Move the package-lock.json from /root/ to your project directory
root@sPt1758541624m9B25:~/L1n7k# mv /root/package-lock.json /root/L1n7k/
root@sPt1758541624m9B25:~/L1n7k#
root@sPt1758541624m9B25:~/L1n7k# # Now verify it's there
root@sPt1758541624m9B25:~/L1n7k# ls -la /root/L1n7k/package-lock.json
-rw-r--r-- 1 root root 83 Sep 25 16:36 /root/L1n7k/package-lock.json
root@sPt1758541624m9B25:~/L1n7k# npm install
npm error code EHOSTUNREACH
npm error syscall connect
npm error errno EHOSTUNREACH
npm error request to https://registry.npmjs.org/@microsoft%2fmicrosoft-graph-client failed, reason: connect EHOSTUNREACH 2606:4700::6810:1a22:443
npm error A complete log of this run can be found in: /root/.npm/_logs/2025-09-25T16_47_06_581Z-debug-0.log
root@sPt1758541624m9B25:~/L1n7k#