Last login: Thu Sep 25 19:09:16 2025 from 103.133.105.72
root@sPt1758541624m9B25:~# chmod +x quick-install.sh
chmod: cannot access 'quick-install.sh': No such file or directory
root@sPt1758541624m9B25:~# ./quick-install.sh
-bash: ./quick-install.sh: No such file or directory
root@sPt1758541624m9B25:~# cd L1n7k
root@sPt1758541624m9B25:~/L1n7k# cd L1n7k
-bash: cd: L1n7k: No such file or directory
root@sPt1758541624m9B25:~/L1n7k# git pull origin main
cd L1n7k
git pull origin main
./quick-install.shFrom https://github.com/x8080x2/L1n7k
 * branch            main       -> FETCH_HEAD
Updating 735c7a9..ad6ae8a
error: Your local changes to the following files would be overwritten by merge:
        quick-install.sh
Please commit your changes or stash them before you merge.
Aborting
root@sPt1758541624m9B25:~/L1n7k# ./quick-install.shcd L1n7k
-bash: ./quick-install.shcd: No such file or directory
root@sPt1758541624m9B25:~/L1n7k# git pull origin main
From https://github.com/x8080x2/L1n7k
 * branch            main       -> FETCH_HEAD
Updating 735c7a9..ad6ae8a
error: Your local changes to the following files would be overwritten by merge:
        quick-install.sh
Please commit your changes or stash them before you merge.
Aborting
root@sPt1758541624m9B25:~/L1n7k# ./quick-install.sh
ğŸš€ SUPER SIMPLE VPS INSTALL
==========================
This will get your app running in under 2 minutes!

ğŸŒ Fixing VPS network issues...
âœ… Network optimized
ğŸ“¦ Installing dependencies...
âœ… Dependencies installed

ğŸ“ Quick Setup (3 questions):

ğŸŒ Your domain/IP (e.g., https://yoursite.com): https://sildenafil-online.info
ğŸ¤– Telegram Bot Token (from @BotFather): 8346454309:AAHBkzxTeO5DWFqhmZiEibY5gC13pfTKRnM
ğŸ‘¤ Your Telegram Chat ID (from @userinfobot): 6466844778

ğŸ§ª Testing bot...
âœ… Bot working: 6575676
âœ… Welcome message sent

ğŸŒ Setting up Nginx reverse proxy...
ğŸ“¦ Installing nginx...
âœ… Nginx installed
âš™ï¸ Creating nginx configuration...
âœ… Enabling nginx site...
ğŸ§ª Testing nginx configuration...
âœ… Nginx configured and running

ğŸ‰ INSTALLATION COMPLETE!
========================
âœ… Network optimized
âœ… Dependencies installed
âœ… Configuration created
âœ… Bot tested and working
âœ… Nginx reverse proxy configured

ğŸš€ Starting your app now...
ğŸ“± Check Telegram for confirmation message
ğŸŒ Access: https://sildenafil-online.info (via nginx on port 80)
ğŸ”§ Your app runs internally on port 3000


> workspace@1.0.0 start
> node server.js

âœ… Environment variables loaded from .env file
ğŸ“‹ Loaded 1 subscription(s) from persistent storage
ğŸš€ Outlook Notification Bot initialized successfully
ğŸ¤– Telegram Bot initialized successfully
ğŸ“Š Loaded analytics from file: { totalLogins: 9, successfulLogins: 18, failedLogins: 16 }
ğŸš€ Microsoft Graph API Backend running on port 3000
ğŸ“§ API endpoints available at http://localhost:3000/api/
ğŸŒ Frontend available at http://localhost:3000/
ğŸ”§ Admin panel available at http://localhost:3000/ad.html
âœ… Azure credentials configured - Graph API ready
ğŸ”‘ Admin token available via Telegram bot - Use /start to access
